// Jest Snapshot v1, https://goo.gl/fbAQLP

exports[`episode list generates episode list 1`] = `
[
  {
    "audiopreference": "broadcast",
    "audiopresentation": "music",
    "audiopriority": "aac",
    "broadcast": {
      "availablestoputc": "2024-07-22T04:55:00Z",
      "broadcastfiles": {
        "broadcastfile": {
          "duration": 4595,
          "publishdateutc": "2024-06-22T04:55:00Z",
          "statkey": "/app/avsnitt/p1[k(132)]/sommar & vinter i p1[p(2071)]/[e(2413771)]",
          "url": "https://sverigesradio.se/topsy/ljudfil/srapi/9370581-hi.m4a",
        },
      },
      "playlist": {
        "duration": 4595,
        "publishdateutc": "2024-06-22T04:55:00Z",
        "statkey": "/app/avsnitt/p1[k(132)]/sommar & vinter i p1[p(2071)]/[e(2413771)]",
        "url": "https://api.sr.se/api/radio/radio.aspx?type=broadcast&id=9370581&codingformat=.m4a&metafile=asx&quality=hi",
      },
    },
    "broadcasttime": {
      "endtimeutc": "2024-06-22T12:20:00Z",
      "starttimeutc": "2024-06-22T11:00:00Z",
    },
    "channelid": 132,
    "description": "Skådespelaren om varför Försvarsmakten bör undvika att kalla in just honom om kriget kommer.",
    "downloadpodfile": {
      "availablefromutc": "2024-06-22T04:55:00Z",
      "description": "",
      "duration": 2856,
      "filesizeinbytes": 45718551,
      "program": "",
      "publishdateutc": "2024-06-22T11:00:00Z",
      "statkey": "/app/avsnitt/p1[k(132)]/sommar & vinter i p1[p(2071)]/[e(2413771)]",
      "title": "Hampus Nessvold",
      "url": "https://sverigesradio.se/topsy/ljudfil/srapi/9370585.mp3",
    },
    "imageurl": "https://static-cdn.sr.se/images/2071/53526fb9-9302-40e2-8b4e-3681f4c5b889.jpg?preset=api-default-square",
    "imageurltemplate": "https://static-cdn.sr.se/images/2071/53526fb9-9302-40e2-8b4e-3681f4c5b889.jpg",
    "listenpodfile": {
      "availablefromutc": "2024-06-22T04:55:00Z",
      "description": "",
      "duration": 2856,
      "filesizeinbytes": 45718551,
      "program": "",
      "publishdateutc": "2024-06-22T11:00:00Z",
      "statkey": "/app/avsnitt/p1[k(132)]/sommar & vinter i p1[p(2071)]/[e(2413771)]",
      "title": "Hampus Nessvold",
      "url": "https://sverigesradio.se/topsy/ljudfil/srapi/9370585.mp3",
    },
    "photographer": "Mattias Ahlm",
    "program": "",
    "publishdateutc": "2024-06-22T11:00:00Z",
    "title": "Hampus Nessvold",
    "url": "https://sverigesradio.se/avsnitt/2413771",
  },
  {
    "audiopreference": "broadcast",
    "audiopresentation": "music",
    "audiopriority": "aac",
    "broadcast": {
      "availablestoputc": "2024-07-11T12:00:00Z",
      "broadcastfiles": {
        "broadcastfile": {
          "duration": 3600,
          "publishdateutc": "2024-06-11T11:00:00Z",
          "statkey": "/app/avsnitt/p1[k(132)]/sommar & vinter i p1[p(2071)]/[e(2393740)]",
          "url": "https://sverigesradio.se/topsy/ljudfil/srapi/9360224-hi.m4a",
        },
      },
      "playlist": {
        "duration": 3600,
        "publishdateutc": "2024-06-11T11:00:00Z",
        "statkey": "/app/avsnitt/p1[k(132)]/sommar & vinter i p1[p(2071)]/[e(2393740)]",
        "url": "https://api.sr.se/api/radio/radio.aspx?type=broadcast&id=9360224&codingformat=.m4a&metafile=asx&quality=hi",
      },
    },
    "broadcasttime": {
      "endtimeutc": "2024-06-11T12:00:00Z",
      "starttimeutc": "2024-06-11T11:00:00Z",
    },
    "channelid": 132,
    "description": "Programchef Bibi Rödöö presenterar årets 58 Sommarvärdar.",
    "downloadpodfile": {
      "availablefromutc": "2024-06-11T12:00:00Z",
      "description": "",
      "duration": 3585,
      "filesizeinbytes": 57369891,
      "program": "",
      "publishdateutc": "2024-06-11T11:00:00Z",
      "statkey": "/app/avsnitt/p1[k(132)]/sommar & vinter i p1[p(2071)]/[e(2393740)]",
      "title": "Årets Sommarvärdar presenteras",
      "url": "https://sverigesradio.se/topsy/ljudfil/srapi/9360211.mp3",
    },
    "imageurl": "https://static-cdn.sr.se/images/2071/b4a8f917-2507-4b34-b14a-10d2731821f5.jpg?preset=api-default-square",
    "imageurltemplate": "https://static-cdn.sr.se/images/2071/b4a8f917-2507-4b34-b14a-10d2731821f5.jpg",
    "listenpodfile": {
      "availablefromutc": "2024-06-11T12:00:00Z",
      "description": "",
      "duration": 3585,
      "filesizeinbytes": 57369891,
      "program": "",
      "publishdateutc": "2024-06-11T11:00:00Z",
      "statkey": "/app/avsnitt/p1[k(132)]/sommar & vinter i p1[p(2071)]/[e(2393740)]",
      "title": "Årets Sommarvärdar presenteras",
      "url": "https://sverigesradio.se/topsy/ljudfil/srapi/9360211.mp3",
    },
    "program": "",
    "publishdateutc": "2024-06-11T11:00:00Z",
    "title": "Årets Sommarvärdar presenteras",
    "url": "https://sverigesradio.se/avsnitt/2393740",
  },
]
`;

exports[`parse and generate parses and generates feed with two items correctly 1`] = `"<?xml version="1.0" encoding="UTF-8"?><rss xmlns:dc="http://purl.org/dc/elements/1.1/" xmlns:content="http://purl.org/rss/1.0/modules/content/" xmlns:atom="http://www.w3.org/2005/Atom" version="2.0" xmlns:itunes="http://www.itunes.com/dtds/podcast-1.0.dtd"><channel><title><![CDATA[Late Spring in Program One]]></title><description><![CDATA[Avsnitt av Sommar i P1 från 2024. Allt innehåll kommer från Sveriges Radio.]]></description><link>http://github.com/dylang/node-rss</link><generator>Podcast for Node</generator><lastBuildDate>Sat, 01 Jun 2024 00:00:00 GMT</lastBuildDate><pubDate>Sat, 22 Jun 2024 04:55:00 GMT</pubDate><copyright><![CDATA[Sveriges Radio]]></copyright><itunes:summary>Avsnitt av Sommar i P1 från 2024. Allt innehåll kommer från Sveriges Radio.</itunes:summary><itunes:explicit>no</itunes:explicit><itunes:image href="https://gish.github.io/deflector-disabler/assets/cover.png"/><item><title><![CDATA[Hampus Nessvold]]></title><description><![CDATA[Skådespelaren om varför Försvarsmakten bör undvika att kalla in just honom om kriget kommer.]]></description><link>https://sverigesradio.se/avsnitt/2413771</link><guid isPermaLink="false">https://sverigesradio.se/topsy/ljudfil/srapi/9370585.mp3</guid><pubDate>Sat, 22 Jun 2024 11:00:00 GMT</pubDate><enclosure url="https://sverigesradio.se/topsy/ljudfil/srapi/9370585.mp3" length="0" type="audio/mpeg"/><itunes:summary>Skådespelaren om varför Försvarsmakten bör undvika att kalla in just honom om kriget kommer.</itunes:summary><itunes:explicit>no</itunes:explicit><itunes:image href="https://static-cdn.sr.se/images/2071/53526fb9-9302-40e2-8b4e-3681f4c5b889.jpg?preset=api-default-square"/></item><item><title><![CDATA[Årets Sommarvärdar presenteras]]></title><description><![CDATA[Programchef Bibi Rödöö presenterar årets 58 Sommarvärdar.]]></description><link>https://sverigesradio.se/avsnitt/2393740</link><guid isPermaLink="false">https://sverigesradio.se/topsy/ljudfil/srapi/9360211.mp3</guid><pubDate>Tue, 11 Jun 2024 11:00:00 GMT</pubDate><enclosure url="https://sverigesradio.se/topsy/ljudfil/srapi/9360211.mp3" length="0" type="audio/mpeg"/><itunes:summary>Programchef Bibi Rödöö presenterar årets 58 Sommarvärdar.</itunes:summary><itunes:explicit>no</itunes:explicit><itunes:image href="https://static-cdn.sr.se/images/2071/b4a8f917-2507-4b34-b14a-10d2731821f5.jpg?preset=api-default-square"/></item></channel></rss>"`;
